
[1m[46m RUN [49m[22m [36mv4.0.16 [39m[90mF:/proje/grezwanderer3[39m

 [31mÔØ»[39m src/entities/parliament/lib/resourceSystem.test.ts [2m([22m[2m13 tests[22m[2m | [22m[31m1 failed[39m[2m)[22m[32m 9[2mms[22m[39m
       [32mÔ£ô[39m should return base values when skills are empty[32m 1[2mms[22m[39m
       [32mÔ£ô[39m should clamp AP between 2 and 10[32m 0[2mms[22m[39m
       [32mÔ£ô[39m should scale HP correctly[32m 0[2mms[22m[39m
       [32mÔ£ô[39m should floor scaling values[32m 0[2mms[22m[39m
       [32mÔ£ô[39m should sum contributions from squad[32m 0[2mms[22m[39m
       [32mÔ£ô[39m should return minimum 1 even for empty skills[32m 0[2mms[22m[39m
       [32mÔ£ô[39m consumeResource should subtract and validate min[32m 1[2mms[22m[39m
       [32mÔ£ô[39m restoreResource should clamp to max[32m 0[2mms[22m[39m
       [32mÔ£ô[39m handleTurnStart should reset AP to max[32m 0[2mms[22m[39m
[31m       [31m├ù[31m checkLimitBreak should trigger at 100 PP[39m[32m 3[2mms[22m[39m
       [32mÔ£ô[39m calculateFocusRestore uses Logic formula[32m 0[2mms[22m[39m
       [32mÔ£ô[39m should migrate legacy stamina/morale correctly[32m 0[2mms[22m[39m
       [32mÔ£ô[39m should handle missing legacy values gracefully[32m 0[2mms[22m[39m

[2m Test Files [22m [1m[31m1 failed[39m[22m[90m (1)[39m
[2m      Tests [22m [1m[31m1 failed[39m[22m[2m | [22m[1m[32m12 passed[39m[22m[90m (13)[39m
[2m   Start at [22m 15:56:39
[2m   Duration [22m 1.31s[2m (transform 93ms, setup 131ms, import 140ms, tests 9ms, environment 853ms)[22m

